[     746ms] [ERROR] Failed to load resource: the server responded with a status of 404 (Not Found) @ http://localhost:3000/favicon.ico:0
[     791ms] [ERROR] Failed to load resource: the server responded with a status of 404 (Not Found) @ http://localhost:3000/icon-192.png:0
[     796ms] [WARNING] Error while trying to use the following icon from the Manifest: http://localhost:3000/icon-192.png (Download error or resource isn't a valid image) @ http://localhost:3000/login:0
[    1504ms] [WARNING] WebSocket connection to 'wss://thfoinlxdkgdyasuclcr.supabase.co/realtime/v1/websocket?apikey=eyJhbGciOiJIUzI1NiIsInR5cCI6IkpXVCJ9.eyJpc3MiOiJzdXBhYmFzZSIsInJlZiI6InRoZm9pbmx4ZGtnZHlhc3VjbGNyIiwicm9sZSI6ImFub24iLCJpYXQiOjE3NzA5MjUyMTIsImV4cCI6MjA4NjUwMTIxMn0.JIrxcOExRxXCVBxnS8Okxgdo6Id_auwLSDXuxx665ns&vsn=2.0.0' failed: WebSocket is closed before the connection is established. @ webpack-internal:///(app-pages-browser)/../../../../../node_modules/@supabase/realtime-js/dist/module/RealtimeClient.js:200
[    1552ms] [ERROR] Failed to load resource: the server responded with a status of 404 (Not Found) @ http://localhost:3000/icon-192.png:0
[    1555ms] [WARNING] Error while trying to use the following icon from the Manifest: http://localhost:3000/icon-192.png (Download error or resource isn't a valid image) @ http://localhost:3000/:0
[   45262ms] [ERROR] Failed to load resource: the server responded with a status of 404 (Not Found) @ http://localhost:3000/icon-192.png:0
[   45272ms] [WARNING] Error while trying to use the following icon from the Manifest: http://localhost:3000/icon-192.png (Download error or resource isn't a valid image) @ http://localhost:3000/applications:0
[   45705ms] [WARNING] WebSocket connection to 'wss://thfoinlxdkgdyasuclcr.supabase.co/realtime/v1/websocket?apikey=eyJhbGciOiJIUzI1NiIsInR5cCI6IkpXVCJ9.eyJpc3MiOiJzdXBhYmFzZSIsInJlZiI6InRoZm9pbmx4ZGtnZHlhc3VjbGNyIiwicm9sZSI6ImFub24iLCJpYXQiOjE3NzA5MjUyMTIsImV4cCI6MjA4NjUwMTIxMn0.JIrxcOExRxXCVBxnS8Okxgdo6Id_auwLSDXuxx665ns&vsn=2.0.0' failed: WebSocket is closed before the connection is established. @ webpack-internal:///(app-pages-browser)/../../../../../node_modules/@supabase/realtime-js/dist/module/RealtimeClient.js:200
[   53528ms] [ERROR] Failed to load resource: the server responded with a status of 404 (Not Found) @ http://localhost:3000/icon-192.png:0
[   53531ms] [WARNING] Error while trying to use the following icon from the Manifest: http://localhost:3000/icon-192.png (Download error or resource isn't a valid image) @ http://localhost:3000/schedule:0
[   53859ms] [WARNING] WebSocket connection to 'wss://thfoinlxdkgdyasuclcr.supabase.co/realtime/v1/websocket?apikey=eyJhbGciOiJIUzI1NiIsInR5cCI6IkpXVCJ9.eyJpc3MiOiJzdXBhYmFzZSIsInJlZiI6InRoZm9pbmx4ZGtnZHlhc3VjbGNyIiwicm9sZSI6ImFub24iLCJpYXQiOjE3NzA5MjUyMTIsImV4cCI6MjA4NjUwMTIxMn0.JIrxcOExRxXCVBxnS8Okxgdo6Id_auwLSDXuxx665ns&vsn=2.0.0' failed: WebSocket is closed before the connection is established. @ webpack-internal:///(app-pages-browser)/../../../../../node_modules/@supabase/realtime-js/dist/module/RealtimeClient.js:200
[   54596ms] [WARNING] WebSocket connection to 'wss://thfoinlxdkgdyasuclcr.supabase.co/realtime/v1/websocket?apikey=eyJhbGciOiJIUzI1NiIsInR5cCI6IkpXVCJ9.eyJpc3MiOiJzdXBhYmFzZSIsInJlZiI6InRoZm9pbmx4ZGtnZHlhc3VjbGNyIiwicm9sZSI6ImFub24iLCJpYXQiOjE3NzA5MjUyMTIsImV4cCI6MjA4NjUwMTIxMn0.JIrxcOExRxXCVBxnS8Okxgdo6Id_auwLSDXuxx665ns&vsn=2.0.0' failed: WebSocket is closed before the connection is established. @ webpack-internal:///(app-pages-browser)/../../../../../node_modules/@supabase/realtime-js/dist/module/RealtimeClient.js:200
[   54732ms] [WARNING] WebSocket connection to 'wss://thfoinlxdkgdyasuclcr.supabase.co/realtime/v1/websocket?apikey=eyJhbGciOiJIUzI1NiIsInR5cCI6IkpXVCJ9.eyJpc3MiOiJzdXBhYmFzZSIsInJlZiI6InRoZm9pbmx4ZGtnZHlhc3VjbGNyIiwicm9sZSI6ImFub24iLCJpYXQiOjE3NzA5MjUyMTIsImV4cCI6MjA4NjUwMTIxMn0.JIrxcOExRxXCVBxnS8Okxgdo6Id_auwLSDXuxx665ns&vsn=2.0.0' failed: WebSocket is closed before the connection is established. @ webpack-internal:///(app-pages-browser)/../../../../../node_modules/@supabase/realtime-js/dist/module/RealtimeClient.js:200
[   61699ms] [WARNING] The resource http://localhost:3000/_next/static/media/e4af272ccee01ff0-s.p.woff2 was preloaded using link preload but not used within a few seconds from the window's load event. Please make sure it has an appropriate `as` value and it is preloaded intentionally. @ http://localhost:3000/schedule:0
[  102441ms] [ERROR] Failed to load resource: the server responded with a status of 404 (Not Found) @ http://localhost:3000/icon-192.png:0
[  102446ms] [WARNING] Error while trying to use the following icon from the Manifest: http://localhost:3000/icon-192.png (Download error or resource isn't a valid image) @ http://localhost:3000/applications:0
[  102614ms] [WARNING] WebSocket connection to 'wss://thfoinlxdkgdyasuclcr.supabase.co/realtime/v1/websocket?apikey=eyJhbGciOiJIUzI1NiIsInR5cCI6IkpXVCJ9.eyJpc3MiOiJzdXBhYmFzZSIsInJlZiI6InRoZm9pbmx4ZGtnZHlhc3VjbGNyIiwicm9sZSI6ImFub24iLCJpYXQiOjE3NzA5MjUyMTIsImV4cCI6MjA4NjUwMTIxMn0.JIrxcOExRxXCVBxnS8Okxgdo6Id_auwLSDXuxx665ns&vsn=2.0.0' failed: WebSocket is closed before the connection is established. @ webpack-internal:///(app-pages-browser)/../../../../../node_modules/@supabase/realtime-js/dist/module/RealtimeClient.js:200
[  106333ms] [WARNING] The resource http://localhost:3000/_next/static/media/e4af272ccee01ff0-s.p.woff2 was preloaded using link preload but not used within a few seconds from the window's load event. Please make sure it has an appropriate `as` value and it is preloaded intentionally. @ http://localhost:3000/applications:0
[  116367ms] [ERROR] Failed to load resource: the server responded with a status of 404 (Not Found) @ http://localhost:3000/icon-192.png:0
[  116369ms] [WARNING] Error while trying to use the following icon from the Manifest: http://localhost:3000/icon-192.png (Download error or resource isn't a valid image) @ http://localhost:3000/analytics:0
[  122499ms] [WARNING] The resource http://localhost:3000/_next/static/media/e4af272ccee01ff0-s.p.woff2 was preloaded using link preload but not used within a few seconds from the window's load event. Please make sure it has an appropriate `as` value and it is preloaded intentionally. @ http://localhost:3000/analytics:0
